// Jest Snapshot v1, https://goo.gl/fbAQLP

exports[`Should render the Dashboard page 1`] = `
<div>
  Dashboard component content
</div>
`;
