// Jest Snapshot v1, https://goo.gl/fbAQLP

exports[`Should render Header correctly 1`] = `
<header
  className="header"
>
  <div
    className="content-container"
  >
    <div
      className="header__content"
    >
      <Link
        className="header__title"
        to="/dashboard"
      >
        <h1>
          Boilerplate
        </h1>
      </Link>
      <NavLink
        activeClassName="is-active"
        className="button button--link button--header"
        to="/help"
      >
        Help
      </NavLink>
      <button
        className="button button--link button--header"
        onClick={[Function]}
      >
        Logout
      </button>
    </div>
  </div>
</header>
`;
