// Jest Snapshot v1, https://goo.gl/fbAQLP

exports[`Should render Not found page 1`] = `
<div>
  This is the 404 page component.
  <Link
    to="/"
  >
    Go Home
  </Link>
</div>
`;
